** Drc report for Burnwing.kicad_pcb **
** Created on 2026-06-14T10:06:51 **
** Report includes: Errors, Warnings **

** Found 66 DRC violations **
[courtyards_overlap]: Courtyards overlap
    Rule: board setup constraints courtyard; warning
    @(125.8400 mm, 82.5899 mm): Footprint H2
    @(128.5100 mm, 91.5350 mm): Footprint J3
[courtyards_overlap]: Courtyards overlap
    Rule: board setup constraints courtyard; warning
    @(125.8400 mm, 82.5899 mm): Footprint H2
    @(127.6750 mm, 91.5300 mm): Footprint J2
[courtyards_overlap]: Courtyards overlap
    Rule: board setup constraints courtyard; warning
    @(125.8400 mm, 82.5899 mm): Footprint H2
    @(117.3526 mm, 85.6300 mm): Footprint R12
[courtyards_overlap]: Courtyards overlap
    Rule: board setup constraints courtyard; warning
    @(113.0125 mm, 83.0750 mm): Footprint R4
    @(109.0400 mm, 82.5018 mm): Footprint H3
[courtyards_overlap]: Courtyards overlap
    Rule: board setup constraints courtyard; warning
    @(113.0125 mm, 83.0750 mm): Footprint R4
    @(117.3526 mm, 85.6300 mm): Footprint R12
[courtyards_overlap]: Courtyards overlap
    Rule: board setup constraints courtyard; warning
    @(79.6325 mm, 85.6800 mm): Footprint R14
    @(80.1544 mm, 82.6512 mm): Footprint H1
[courtyards_overlap]: Courtyards overlap
    Rule: board setup constraints courtyard; warning
    @(80.0944 mm, 100.3712 mm): Footprint H4
    @(79.6425 mm, 97.3400 mm): Footprint R19
[courtyards_overlap]: Courtyards overlap
    Rule: board setup constraints courtyard; warning
    @(117.4500 mm, 86.6500 mm): Footprint REF**
    @(117.3526 mm, 85.6300 mm): Footprint R12
[courtyards_overlap]: Courtyards overlap
    Rule: board setup constraints courtyard; warning
    @(111.6450 mm, 87.7350 mm): Footprint D5
    @(117.3526 mm, 85.6300 mm): Footprint R12
[courtyards_overlap]: Courtyards overlap
    Rule: board setup constraints courtyard; warning
    @(111.7200 mm, 95.3000 mm): Footprint D5
    @(117.4400 mm, 97.1200 mm): Footprint R13
[courtyards_overlap]: Courtyards overlap
    Rule: board setup constraints courtyard; warning
    @(107.7500 mm, 88.4500 mm): Footprint JP1
    @(104.4500 mm, 91.3000 mm): Footprint REF**
[courtyards_overlap]: Courtyards overlap
    Rule: board setup constraints courtyard; warning
    @(107.7500 mm, 88.4500 mm): Footprint JP1
    @(104.4625 mm, 85.8000 mm): Footprint REF**
[courtyards_overlap]: Courtyards overlap
    Rule: board setup constraints courtyard; warning
    @(107.7500 mm, 88.4500 mm): Footprint JP1
    @(109.0400 mm, 82.5018 mm): Footprint H3
[courtyards_overlap]: Courtyards overlap
    Rule: board setup constraints courtyard; warning
    @(107.7500 mm, 88.4500 mm): Footprint JP1
    @(109.4000 mm, 86.8225 mm): Footprint R7
[courtyards_overlap]: Courtyards overlap
    Rule: board setup constraints courtyard; warning
    @(96.5100 mm, 81.3500 mm): Footprint J1
    @(101.4500 mm, 83.0875 mm): Footprint R16
[courtyards_overlap]: Courtyards overlap
    Rule: board setup constraints courtyard; warning
    @(117.4500 mm, 96.1000 mm): Footprint REF**
    @(117.4400 mm, 97.1200 mm): Footprint R13
[courtyards_overlap]: Courtyards overlap
    Rule: board setup constraints courtyard; warning
    @(113.0125 mm, 99.8500 mm): Footprint R5
    @(109.0329 mm, 100.2831 mm): Footprint H5
[courtyards_overlap]: Courtyards overlap
    Rule: board setup constraints courtyard; warning
    @(113.0125 mm, 99.8500 mm): Footprint R5
    @(113.0200 mm, 101.3000 mm): Footprint R18
[courtyards_overlap]: Courtyards overlap
    Rule: board setup constraints courtyard; warning
    @(117.4400 mm, 97.1200 mm): Footprint R13
    @(125.8329 mm, 100.3712 mm): Footprint H6
[courtyards_overlap]: Courtyards overlap
    Rule: board setup constraints courtyard; warning
    @(117.4400 mm, 97.1200 mm): Footprint R13
    @(128.5100 mm, 91.5350 mm): Footprint J3
[courtyards_overlap]: Courtyards overlap
    Rule: board setup constraints courtyard; warning
    @(117.4400 mm, 97.1200 mm): Footprint R13
    @(127.6750 mm, 91.5300 mm): Footprint J2
[courtyards_overlap]: Courtyards overlap
    Rule: board setup constraints courtyard; warning
    @(117.4400 mm, 97.1200 mm): Footprint R13
    @(122.3125 mm, 100.0125 mm): Footprint R20
[courtyards_overlap]: Courtyards overlap
    Rule: board setup constraints courtyard; warning
    @(117.4400 mm, 97.1200 mm): Footprint R13
    @(109.4500 mm, 96.1625 mm): Footprint R6
[courtyards_overlap]: Courtyards overlap
    Rule: board setup constraints courtyard; warning
    @(117.4400 mm, 97.1200 mm): Footprint R13
    @(109.0329 mm, 100.2831 mm): Footprint H5
[courtyards_overlap]: Courtyards overlap
    Rule: board setup constraints courtyard; warning
    @(109.0400 mm, 82.5018 mm): Footprint H3
    @(113.0125 mm, 81.6180 mm): Footprint R17
[courtyards_overlap]: Courtyards overlap
    Rule: board setup constraints courtyard; warning
    @(109.0400 mm, 82.5018 mm): Footprint H3
    @(117.3526 mm, 85.6300 mm): Footprint R12
[courtyards_overlap]: Courtyards overlap
    Rule: board setup constraints courtyard; warning
    @(125.8329 mm, 100.3712 mm): Footprint H6
    @(128.5100 mm, 91.5350 mm): Footprint J3
[courtyards_overlap]: Courtyards overlap
    Rule: board setup constraints courtyard; warning
    @(125.8329 mm, 100.3712 mm): Footprint H6
    @(127.6750 mm, 91.5300 mm): Footprint J2
[courtyards_overlap]: Courtyards overlap
    Rule: board setup constraints courtyard; warning
    @(128.5100 mm, 91.5350 mm): Footprint J3
    @(127.6750 mm, 91.5300 mm): Footprint J2
[courtyards_overlap]: Courtyards overlap
    Rule: board setup constraints courtyard; warning
    @(109.4000 mm, 86.8225 mm): Footprint R7
    @(117.3526 mm, 85.6300 mm): Footprint R12
[courtyards_overlap]: Courtyards overlap
    Rule: board setup constraints courtyard; warning
    @(127.6750 mm, 91.5300 mm): Footprint J2
    @(117.3526 mm, 85.6300 mm): Footprint R12
[courtyards_overlap]: Courtyards overlap
    Rule: board setup constraints courtyard; warning
    @(122.3125 mm, 82.7930 mm): Footprint R15
    @(117.3526 mm, 85.6300 mm): Footprint R12
[courtyards_overlap]: Courtyards overlap
    Rule: board setup constraints courtyard; warning
    @(104.4625 mm, 96.9000 mm): Footprint REF**
    @(107.7500 mm, 94.5250 mm): Footprint JP2
[courtyards_overlap]: Courtyards overlap
    Rule: board setup constraints courtyard; warning
    @(109.4500 mm, 96.1625 mm): Footprint R6
    @(107.7500 mm, 94.5250 mm): Footprint JP2
[courtyards_overlap]: Courtyards overlap
    Rule: board setup constraints courtyard; warning
    @(109.0329 mm, 100.2831 mm): Footprint H5
    @(113.0200 mm, 101.3000 mm): Footprint R18
[courtyards_overlap]: Courtyards overlap
    Rule: board setup constraints courtyard; warning
    @(109.0329 mm, 100.2831 mm): Footprint H5
    @(107.7500 mm, 94.5250 mm): Footprint JP2
[silk_edge_clearance]: Silkscreen clipped by board edge
    Rule: board setup constraints silk; warning
    @(117.4653 mm, 84.0348 mm): Arc on Edge.Cuts
    @(115.2729 mm, 84.9400 mm): Segment of REF** on F.Silkscreen
[silk_edge_clearance]: Silkscreen clipped by board edge
    Rule: board setup constraints silk; warning
    @(77.5544 mm, 100.3712 mm): Segment on Edge.Cuts
    @(76.3104 mm, 87.0330 mm): Segment of J2 on F.Silkscreen
[silk_edge_clearance]: Silkscreen clipped by board edge
    Rule: board setup constraints silk; warning
    @(77.5544 mm, 100.3712 mm): Segment on Edge.Cuts
    @(77.6604 mm, 95.9730 mm): Segment of J2 on F.Silkscreen
[silk_edge_clearance]: Silkscreen clipped by board edge
    Rule: board setup constraints silk; warning
    @(80.1139 mm, 80.0362 mm): Segment on Edge.Cuts
    @(97.7800 mm, 80.0200 mm): Segment of J1 on F.Silkscreen
[silk_edge_clearance]: Silkscreen clipped by board edge
    Rule: board setup constraints silk; warning
    @(80.1139 mm, 80.0362 mm): Segment on Edge.Cuts
    @(97.7800 mm, 82.6800 mm): Segment of J1 on F.Silkscreen
[silk_edge_clearance]: Silkscreen clipped by board edge
    Rule: board setup constraints silk; warning
    @(80.1139 mm, 80.0362 mm): Segment on Edge.Cuts
    @(100.3800 mm, 82.6800 mm): Segment of J1 on F.Silkscreen
[silk_edge_clearance]: Silkscreen clipped by board edge
    Rule: board setup constraints silk; warning
    @(117.4658 mm, 98.7921 mm): Arc on Edge.Cuts
    @(119.6271 mm, 97.8100 mm): Segment of REF** on F.Silkscreen
[lib_footprint_mismatch]: Footprint 'AxialBurnResistor_No_Cutout' does not match copy in library 'burnwing-library'
    Local override; warning
    @(117.4400 mm, 97.1200 mm): Footprint R13
[lib_footprint_mismatch]: Footprint 'PG-TSDSO-14_L4.9-W3.9-P0.65-LS6.0-BL-EP' does not match copy in library 'burnwing-library'
    Local override; warning
    @(111.2500 mm, 91.4500 mm): Footprint U2
[lib_footprint_mismatch]: Footprint 'LOGO' does not match copy in library 'burnwing-library'
    Local override; warning
    @(97.0703 mm, 101.1132 mm): Footprint G***
[lib_footprint_mismatch]: Footprint 'LOGO' does not match copy in library 'burnwing-library'
    Local override; warning
    @(93.8766 mm, 97.7009 mm): Footprint .space
[text_height]: Text height out of range (board setup constraints silk text height min height 0.5000 mm; actual 0.4000 mm)
    Rule: board setup constraints silk text height; warning
    @(107.1000 mm, 84.8500 mm): Reference field of JP1
[text_height]: Text height out of range (board setup constraints silk text height min height 0.5000 mm; actual 0.4000 mm)
    Rule: board setup constraints silk text height; warning
    @(107.1000 mm, 98.2000 mm): Reference field of JP2
[silk_overlap]: Silkscreen clearance
    Rule: board setup constraints silk; warning
    @(130.7700 mm, 96.2700 mm): Segment of J3 on F.Silkscreen
    @(131.1000 mm, 97.0000 mm): Segment of J2 on F.Silkscreen
[silk_overlap]: Silkscreen clearance
    Rule: board setup constraints silk; warning
    @(131.1000 mm, 87.2150 mm): Segment of J2 on F.Silkscreen
    @(131.2200 mm, 86.8000 mm): Segment of J3 on F.Silkscreen
[silk_overlap]: Silkscreen clearance
    Rule: board setup constraints silk; warning
    @(108.8600 mm, 87.6900 mm): Segment of JP1 on F.Silkscreen
    @(108.8775 mm, 86.5678 mm): Segment of R7 on F.Silkscreen
[silk_overlap]: Silkscreen clearance
    Rule: board setup constraints silk; warning
    @(113.2000 mm, 93.9500 mm): Segment of U2 on F.Silkscreen
    @(109.4500 mm, 94.3902 mm): Reference field of R6
[silk_overlap]: Silkscreen clearance
    Rule: board setup constraints silk; warning
    @(109.4250 mm, 88.5250 mm): Reference field of R7
    @(109.3000 mm, 88.9300 mm): Segment of U2 on F.Silkscreen
[silk_overlap]: Silkscreen clearance
    Rule: board setup constraints silk; warning
    @(109.4250 mm, 88.5250 mm): Reference field of R7
    @(109.3000 mm, 88.9300 mm): Segment of U2 on F.Silkscreen
[silk_overlap]: Silkscreen clearance
    Rule: board setup constraints silk; warning
    @(109.3000 mm, 93.8300 mm): Segment of U2 on F.Silkscreen
    @(109.4500 mm, 94.3902 mm): Reference field of R6
[silk_overlap]: Silkscreen clearance
    Rule: board setup constraints silk; warning
    @(108.8600 mm, 95.2850 mm): Segment of JP2 on F.Silkscreen
    @(108.9275 mm, 96.4172 mm): Segment of R6 on F.Silkscreen
[silk_over_copper]: Silkscreen clipped by solder mask
    Local override; warning
    @(126.8000 mm, 95.3200 mm): Segment of J3 on F.Silkscreen
    @(124.8800 mm, 95.2800 mm): Pad 1 [GND] of J2 on F.Cu
[silk_over_copper]: Silkscreen clipped by solder mask
    Local override; warning
    @(128.9100 mm, 98.0150 mm): Segment of J2 on F.Silkscreen
    @(129.0100 mm, 97.3275 mm): Pad MP [GND] of J3 on F.Cu
[silk_over_copper]: Silkscreen clipped by solder mask
    Local override; warning
    @(128.9100 mm, 85.0450 mm): Segment of J2 on F.Silkscreen
    @(129.0100 mm, 85.7425 mm): Pad MP [GND] of J3 on F.Cu
[silk_over_copper]: Silkscreen clipped by solder mask
    Local override; warning
    @(109.4250 mm, 88.5250 mm): Reference field of R7
    @(109.4000 mm, 87.7350 mm): Pad 2 [Net-(U2-IN0)] of R7 on F.Cu
[silk_over_copper]: Silkscreen clipped by solder mask
    Local override; warning
    @(83.3392 mm, 81.2375 mm): Segment of Q1 on F.Silkscreen
    @(85.0142 mm, 82.1625 mm): Pad 5678 [VDC] of Q1 on F.Cu
[silk_over_copper]: Silkscreen clipped by solder mask
    Local override; warning
    @(86.6892 mm, 84.5875 mm): Segment of Q1 on F.Silkscreen
    @(84.0392 mm, 84.6125 mm): Pad 1 [/VBUS] of Q1 on F.Cu
[silk_over_copper]: Silkscreen clipped by solder mask
    Local override; warning
    @(86.6892 mm, 84.5875 mm): Segment of Q1 on F.Silkscreen
    @(84.6892 mm, 84.6125 mm): Pad 2 [/VBUS] of Q1 on F.Cu
[silk_over_copper]: Silkscreen clipped by solder mask
    Local override; warning
    @(86.6892 mm, 84.5875 mm): Segment of Q1 on F.Silkscreen
    @(85.3392 mm, 84.6125 mm): Pad 3 [/VBUS] of Q1 on F.Cu
[silk_over_copper]: Silkscreen clipped by solder mask
    Local override; warning
    @(86.6892 mm, 84.5875 mm): Segment of Q1 on F.Silkscreen
    @(85.9892 mm, 84.6125 mm): Pad 4 [Net-(Q1-G)] of Q1 on F.Cu

** Found 0 unconnected pads **

** Found 0 Footprint errors **

** Ignored checks **
    - Thermal relief connection to zone incomplete
    - Footprint has no courtyard defined
    - Track endpoint not centered on via
    - Tuning profile track geometries
    - Footprint doesn't match symbol's footprint filters
    - PTH inside courtyard
    - NPTH inside courtyard
    - Footprint component type doesn't match footprint pads

** End of Report **
